// Jest Snapshot v1, https://goo.gl/fbAQLP

exports[`CountersAndText should render correctly 1`] = `
<div
  className="md-grid"
>
  <h4
    className="md-cell md-cell--12"
  >
    Counters
  </h4>
  <div
    className="md-text-field-container md-full-width md-text-field-container--input md-cell md-cell--bottom"
    onClick={[Function]}
    onDoubleClick={undefined}
    onMouseDown={undefined}
    onMouseLeave={undefined}
    onMouseOver={undefined}
    onMouseUp={undefined}
    onTouchCancel={undefined}
    onTouchEnd={undefined}
    onTouchMove={undefined}
    onTouchStart={undefined}
    style={
      Object {
        "width": null,
      }
    }
  >
    <label
      className="md-floating-label md-floating-label--inactive md-floating-label--inactive-sized md-text--secondary"
      htmlFor="floating-label-counter-field"
    >
      Type words
    </label>
    <input
      className="md-text-field md-text-field--floating-margin md-full-width md-text"
      disabled={undefined}
      id="floating-label-counter-field"
      onBlur={[Function]}
      onChange={[Function]}
      onFocus={[Function]}
      placeholder={null}
      rows={undefined}
      style={undefined}
      type="text"
    />
    <hr
      className="md-divider md-divider--text-field md-divider--expand-from-left"
    />
    <div
      className="md-text-field-message-container md-text-field-message-container--count-only md-full-width md-text--disabled"
    >
      <div
        aria-hidden={true}
        className="md-text-field-message md-text-field-message--inactive md-text-field-message--counter"
      >
        0 / 20
      </div>
    </div>
  </div>
  <div
    className="md-text-field-container md-full-width md-text-field-container--multiline md-cell md-cell--bottom"
    onClick={[Function]}
    onDoubleClick={undefined}
    onMouseDown={undefined}
    onMouseLeave={undefined}
    onMouseOver={undefined}
    onMouseUp={undefined}
    onTouchCancel={undefined}
    onTouchEnd={undefined}
    onTouchMove={undefined}
    onTouchStart={undefined}
    style={
      Object {
        "width": null,
      }
    }
  >
    <label
      className="md-floating-label md-floating-label--inactive md-floating-label--inactive-sized md-text--secondary"
      htmlFor="multiline-counter-field"
    >
      Type many words
    </label>
    <div
      className="md-text-field-multiline-container md-text-field--floating-margin"
      style={
        Object {
          "height": null,
        }
      }
    >
      <span
        aria-hidden={true}
      />
      <textarea
        aria-hidden={true}
        className="md-text-field md-text-field--multiline md-full-width md-text md-text-field--multiline-mask"
        defaultValue={undefined}
        readOnly={true}
        rows={2}
        style={undefined}
        tabIndex={-1}
        value={undefined}
      />
      <textarea
        className="md-text-field md-text-field--multiline md-full-width md-text"
        defaultValue={undefined}
        disabled={undefined}
        id="multiline-counter-field"
        onBlur={[Function]}
        onChange={[Function]}
        onFocus={[Function]}
        placeholder={null}
        rows={2}
        style={
          Object {
            "height": null,
          }
        }
        value={undefined}
      />
    </div>
    <hr
      className="md-divider md-divider--text-field md-divider--expand-from-left"
    />
    <div
      className="md-text-field-message-container md-text-field-message-container--count-only md-full-width md-text--disabled"
    >
      <div
        aria-hidden={true}
        className="md-text-field-message md-text-field-message--inactive md-text-field-message--counter"
      >
        0 / 200
      </div>
    </div>
  </div>
  <h4
    className="md-cell md-cell--12"
  >
    Help Text
  </h4>
  <div
    className="md-text-field-container md-full-width md-text-field-container--input md-cell md-cell--top"
    onClick={[Function]}
    onDoubleClick={undefined}
    onMouseDown={undefined}
    onMouseLeave={undefined}
    onMouseOver={undefined}
    onMouseUp={undefined}
    onTouchCancel={undefined}
    onTouchEnd={undefined}
    onTouchMove={undefined}
    onTouchStart={undefined}
    style={
      Object {
        "width": null,
      }
    }
  >
    <label
      className="md-floating-label md-floating-label--inactive md-floating-label--inactive-sized md-text--secondary"
      htmlFor="floating-label-help-text-field"
    >
      Type words
    </label>
    <input
      className="md-text-field md-text-field--floating-margin md-full-width md-text"
      disabled={undefined}
      id="floating-label-help-text-field"
      onBlur={[Function]}
      onChange={[Function]}
      onFocus={[Function]}
      placeholder={null}
      rows={undefined}
      style={undefined}
      type="text"
    />
    <hr
      className="md-divider md-divider--text-field md-divider--expand-from-left"
    />
    <div
      className="md-text-field-message-container md-full-width md-text--disabled"
    >
      <div
        aria-hidden={false}
        className="md-text-field-message md-text-field-message--active"
      >
        Look at me. I am always here!
      </div>
    </div>
  </div>
  <div
    className="md-text-field-container md-full-width md-text-field-container--input md-cell md-cell--top"
    onClick={[Function]}
    onDoubleClick={undefined}
    onMouseDown={undefined}
    onMouseLeave={undefined}
    onMouseOver={undefined}
    onMouseUp={undefined}
    onTouchCancel={undefined}
    onTouchEnd={undefined}
    onTouchMove={undefined}
    onTouchStart={undefined}
    style={
      Object {
        "width": null,
      }
    }
  >
    <label
      className="md-floating-label md-floating-label--inactive md-floating-label--inactive-sized md-text--secondary"
      htmlFor="floating-label-focus-help-text-field"
    >
      Type words
    </label>
    <input
      className="md-text-field md-text-field--floating-margin md-full-width md-text"
      disabled={undefined}
      id="floating-label-focus-help-text-field"
      onBlur={[Function]}
      onChange={[Function]}
      onFocus={[Function]}
      placeholder={null}
      rows={undefined}
      style={undefined}
      type="text"
    />
    <hr
      className="md-divider md-divider--text-field md-divider--expand-from-left"
    />
    <div
      className="md-text-field-message-container md-text-field-message-container--count-only md-full-width md-text--disabled"
    >
      <div
        aria-hidden={true}
        className="md-text-field-message md-text-field-message--inactive"
      >
        I magically appear when the user focuses the text field.
      </div>
    </div>
  </div>
  <div
    className="md-text-field-container md-full-width md-text-field-container--input md-cell md-cell--top"
    onClick={[Function]}
    onDoubleClick={undefined}
    onMouseDown={undefined}
    onMouseLeave={undefined}
    onMouseOver={undefined}
    onMouseUp={undefined}
    onTouchCancel={undefined}
    onTouchEnd={undefined}
    onTouchMove={undefined}
    onTouchStart={undefined}
    style={
      Object {
        "width": null,
      }
    }
  >
    <label
      className="md-floating-label md-floating-label--inactive md-floating-label--inactive-sized md-text--secondary"
      htmlFor="placeholder-help-text-counter-field"
    >
      Counter and text
    </label>
    <input
      className="md-text-field md-text-field--floating-margin md-full-width md-text"
      disabled={undefined}
      id="placeholder-help-text-counter-field"
      onBlur={[Function]}
      onChange={[Function]}
      onFocus={[Function]}
      placeholder={null}
      rows={undefined}
      style={undefined}
      type="text"
    />
    <hr
      className="md-divider md-divider--text-field md-divider--expand-from-left"
    />
    <div
      className="md-text-field-message-container md-full-width md-text--disabled"
    >
      <div
        aria-hidden={false}
        className="md-text-field-message md-text-field-message--active"
      >
        I have help text and a counter. It is quite amazing.
      </div>
      <div
        aria-hidden={true}
        className="md-text-field-message md-text-field-message--inactive md-text-field-message--counter"
      >
        0 / 40
      </div>
    </div>
  </div>
  <h4
    className="md-cell md-cell--12"
  >
    Errors and Error Text
  </h4>
  <div
    className="md-text-field-container md-full-width md-text-field-container--input md-cell md-cell--top"
    onClick={[Function]}
    onDoubleClick={undefined}
    onMouseDown={undefined}
    onMouseLeave={undefined}
    onMouseOver={undefined}
    onMouseUp={undefined}
    onTouchCancel={undefined}
    onTouchEnd={undefined}
    onTouchMove={undefined}
    onTouchStart={undefined}
    style={
      Object {
        "width": null,
      }
    }
  >
    <label
      className="md-floating-label md-floating-label--inactive md-floating-label--inactive-sized md-text--error"
      htmlFor="floating-label-error-text-field"
    >
      Constant error
    </label>
    <input
      className="md-text-field md-text-field--floating-margin md-full-width md-text"
      disabled={undefined}
      id="floating-label-error-text-field"
      onBlur={[Function]}
      onChange={[Function]}
      onFocus={[Function]}
      placeholder={null}
      rows={undefined}
      style={undefined}
      type="text"
    />
    <hr
      className="md-divider md-divider--text-field md-divider--expand-from-left md-divider--text-field-error"
    />
    <div
      className="md-text-field-message-container md-full-width md-text--error"
    >
      <div
        aria-hidden={false}
        className="md-text-field-message md-text-field-message--active"
      >
        Uh oh! It looks like there is a constant error on this field. It should somehow be fixed.
      </div>
    </div>
  </div>
  <div
    className="md-text-field-container md-full-width md-text-field-container--input md-cell md-cell--top"
    onClick={[Function]}
    onDoubleClick={undefined}
    onMouseDown={undefined}
    onMouseLeave={undefined}
    onMouseOver={undefined}
    onMouseUp={undefined}
    onTouchCancel={undefined}
    onTouchEnd={undefined}
    onTouchMove={undefined}
    onTouchStart={undefined}
    style={
      Object {
        "width": null,
      }
    }
  >
    <label
      className="md-floating-label md-floating-label--inactive md-floating-label--inactive-sized md-text--secondary"
      htmlFor="floating-label-required-error-text-field"
    >
      Required field *
    </label>
    <input
      className="md-text-field md-text-field--floating-margin md-full-width md-text"
      disabled={undefined}
      id="floating-label-required-error-text-field"
      onBlur={[Function]}
      onChange={[Function]}
      onFocus={[Function]}
      placeholder={null}
      rows={undefined}
      style={undefined}
      type="text"
    />
    <hr
      className="md-divider md-divider--text-field md-divider--expand-from-left"
    />
    <div
      className="md-text-field-message-container md-full-width md-text--disabled"
    >
      <div
        aria-hidden={false}
        className="md-text-field-message md-text-field-message--active"
      >
        Try to focus and blur this field without adding any input. Then add some content.
      </div>
    </div>
  </div>
  <div
    className="md-text-field-container md-full-width md-text-field-container--input md-cell md-cell--top"
    onClick={[Function]}
    onDoubleClick={undefined}
    onMouseDown={undefined}
    onMouseLeave={undefined}
    onMouseOver={undefined}
    onMouseUp={undefined}
    onTouchCancel={undefined}
    onTouchEnd={undefined}
    onTouchMove={undefined}
    onTouchStart={undefined}
    style={
      Object {
        "width": null,
      }
    }
  >
    <label
      className="md-floating-label md-floating-label--inactive md-floating-label--inactive-sized md-floating-label--icon-offset md-text--secondary"
      htmlFor="floating-label-icon-counter-error-text-field"
    >
      Icon and counter
    </label>
    <div
      className="md-text-field-icon-container"
    >
      <i
        className="md-icon material-icons md-text-field-icon md-text-field-icon--positioned"
        style={undefined}
      >
        feedback
      </i>
      <div
        className="md-text-field-divider-container md-text-field-divider-container--grow"
      >
        <input
          className="md-text-field md-text-field--floating-margin md-full-width md-text"
          disabled={undefined}
          id="floating-label-icon-counter-error-text-field"
          onBlur={[Function]}
          onChange={[Function]}
          onFocus={[Function]}
          placeholder={null}
          rows={undefined}
          style={undefined}
          type="text"
        />
        <hr
          className="md-divider md-divider--text-field md-divider--expand-from-left"
        />
      </div>
    </div>
    <div
      className="md-text-field-message-container md-text-field-message-container--left-icon-offset md-full-width md-text--disabled"
    >
      <div
        aria-hidden={false}
        className="md-text-field-message md-text-field-message--active"
      >
        The icons also gain the error state.
      </div>
      <div
        aria-hidden={true}
        className="md-text-field-message md-text-field-message--inactive md-text-field-message--counter"
      >
        0 / 40
      </div>
    </div>
  </div>
</div>
`;
