// Jest Snapshot v1, https://goo.gl/fbAQLP

exports[`FormExample should render correctly 1`] = `
<div
  class="md-paper md-paper--1 phone-emulator md-background"
>
  <header
    class="phone-emulator__status-bar"
  >
    <i
      class="md-icon material-icons"
    >
      network_wifi
    </i>
    <i
      class="md-icon material-icons"
    >
      network_cell
    </i>
    <i
      class="md-icon material-icons"
    >
      battery_full
    </i>
    <span
      class="phone-emulator__status-bar__time"
    >
      12:30
    </span>
  </header>
  <header
    class="md-paper md-paper--2 md-toolbar md-background--primary md-toolbar--text-white md-toolbar--fixed phone-emulator__toolbar"
  >
    <button
      class="md-btn md-btn--icon md-pointer--hover md-inline-block md-btn--toolbar md-toolbar--action-left"
      type="button"
    >
      <div
        class="md-ink-container"
      />
      <i
        class="md-icon material-icons md-text--inherit"
      >
        menu
      </i>
    </button>
    <h2
      class="md-title md-title--toolbar"
    >
      Application
    </h2>
  </header>
  <section
    class="phone-emulator__content phone-emulator__content--offset"
  >
    <form
      class="md-grid text-fields__application"
    >
      <div
        class="md-text-field-container md-full-width md-text-field-container--input md-cell md-cell--12"
      >
        <label
          class="md-floating-label md-floating-label--title md-floating-label--floating md-text--secondary"
          for="application-title"
        >
          Title *
        </label>
        <input
          class="md-text-field md-text-field--floating-margin md-text-field--title md-full-width md-text"
          id="application-title"
          type="text"
          value="Vintage 50's Dress"
        />
        <hr
          class="md-divider md-divider--text-field md-divider--expand-from-left"
        />
      </div>
      <div
        class="md-text-field-container md-full-width md-text-field-container--input text-fields__application__price md-cell md-cell--3 md-cell--1-phone"
      >
        <label
          class="md-floating-label md-floating-label--floating md-text--secondary"
          for="application-price"
        >
          Price *
        </label>
        <input
          class="md-text-field md-text-field--floating-margin md-full-width md-text"
          id="application-price"
          min="0"
          pattern="^d+(\\\\.|\\\\,)\\\\d{2}"
          step="0.01"
          type="number"
          value="10"
        />
        <hr
          class="md-divider md-divider--text-field md-divider--expand-from-left"
        />
      </div>
      <div
        class="md-text-field-container md-full-width md-text-field-container--input md-cell md-cell--9 md-cell--3-phone md-cell--5-tablet"
      >
        <label
          class="md-floating-label md-floating-label--floating md-text--secondary"
          for="application-location"
        >
          Location (optional)
        </label>
        <input
          class="md-text-field md-text-field--floating-margin md-full-width md-text"
          id="application-location"
          type="text"
          value="Fremont Bridge"
        />
        <hr
          class="md-divider md-divider--text-field md-divider--expand-from-left"
        />
      </div>
      <div
        class="md-text-field-container md-full-width md-text-field-container--multiline md-cell md-cell--12"
      >
        <label
          class="md-floating-label md-floating-label--floating md-text--secondary"
          for="application-description"
        >
          Description
        </label>
        <div
          class="md-text-field-multiline-container md-text-field--floating-margin"
        >
          <span
            aria-hidden="true"
          />
          <textarea
            aria-hidden="true"
            class="md-text-field md-text-field--multiline md-full-width md-text md-text-field--multiline-mask"
            readonly=""
            rows="2"
            tabindex="-1"
          >
            Unique and rare dress from 1952. Made out of cotton with front pockets. Sleeveless with button closures.
          </textarea>
          <textarea
            class="md-text-field md-text-field--multiline md-full-width md-text"
            id="application-description"
            rows="2"
          >
            Unique and rare dress from 1952. Made out of cotton with front pockets. Sleeveless with button closures.
          </textarea>
        </div>
        <hr
          class="md-divider md-divider--text-field md-divider--expand-from-left"
        />
      </div>
      <div
        class="md-selection-control-container md-selection-control-container--inline md-switch-container md-cell md-cell--12"
      >
        <input
          aria-hidden="true"
          class="md-selection-control-input"
          id="application-publish"
          name="publishing"
          type="checkbox"
        />
        <label
          class="md-selection-control-label md-pointer--hover md-text"
          for="application-publish"
        >
          <div
            class="md-switch-track md-pointer--hover md-switch-track--off"
          >
            <div
              aria-pressed="false"
              class="md-fake-btn md-pointer--hover md-fake-btn--no-outline md-switch-thumb md-switch-thumb--off"
              role="button"
              tabindex="0"
            >
              <div
                class="md-ink-container md-ink-container--2x"
              />
            </div>
          </div>
          <span>
            Publish immediately?
          </span>
        </label>
      </div>
      <fieldset
        class="md-selection-control-group md-cell md-cell--12 text-fields__application__publishes"
      >
        <legend
          class="md-subheading-1"
        >
          Publish to:
        </legend>
        <div
          class="md-selection-control-container"
        >
          <input
            aria-hidden="true"
            checked=""
            class="md-selection-control-input"
            id="publish-to0"
            name="publish-places[]"
            type="checkbox"
            value="MAS"
          />
          <label
            class="md-selection-control-label md-pointer--hover md-text"
            for="publish-to0"
          >
            <div
              aria-checked="true"
              aria-pressed="false"
              class="md-fake-btn md-pointer--hover md-fake-btn--no-outline md-selection-control-toggle md-btn md-btn--icon md-text--theme-secondary"
              role="checkbox"
              tabindex="0"
            >
              <div
                class="md-ink-container"
              />
              <i
                class="md-icon material-icons md-text--inherit"
              >
                check_box
              </i>
            </div>
            <span>
              My amazing store
            </span>
          </label>
        </div>
        <div
          class="md-selection-control-container"
        >
          <input
            aria-hidden="true"
            class="md-selection-control-input"
            id="publish-to1"
            name="publish-places[]"
            type="checkbox"
            value="AMZ"
          />
          <label
            class="md-selection-control-label md-pointer--hover md-text"
            for="publish-to1"
          >
            <div
              aria-checked="false"
              aria-pressed="false"
              class="md-fake-btn md-pointer--hover md-fake-btn--no-outline md-selection-control-toggle md-btn md-btn--icon md-text--secondary"
              role="checkbox"
              tabindex="0"
            >
              <div
                class="md-ink-container"
              />
              <i
                class="md-icon material-icons md-text--inherit"
              >
                check_box_outline_blank
              </i>
            </div>
            <span>
              Amazon
            </span>
          </label>
        </div>
        <div
          class="md-selection-control-container"
        >
          <input
            aria-hidden="true"
            class="md-selection-control-input"
            id="publish-to2"
            name="publish-places[]"
            type="checkbox"
            value="PTS"
          />
          <label
            class="md-selection-control-label md-pointer--hover md-text"
            for="publish-to2"
          >
            <div
              aria-checked="false"
              aria-pressed="false"
              class="md-fake-btn md-pointer--hover md-fake-btn--no-outline md-selection-control-toggle md-btn md-btn--icon md-text--secondary"
              role="checkbox"
              tabindex="0"
            >
              <div
                class="md-ink-container"
              />
              <i
                class="md-icon material-icons md-text--inherit"
              >
                check_box_outline_blank
              </i>
            </div>
            <span>
              A pretty terrible store
            </span>
          </label>
        </div>
        <div
          class="md-selection-control-container"
        >
          <input
            aria-hidden="true"
            checked=""
            class="md-selection-control-input"
            id="publish-to3"
            name="publish-places[]"
            type="checkbox"
            value="EBY"
          />
          <label
            class="md-selection-control-label md-pointer--hover md-text"
            for="publish-to3"
          >
            <div
              aria-checked="true"
              aria-pressed="false"
              class="md-fake-btn md-pointer--hover md-fake-btn--no-outline md-selection-control-toggle md-btn md-btn--icon md-text--theme-secondary"
              role="checkbox"
              tabindex="0"
            >
              <div
                class="md-ink-container"
              />
              <i
                class="md-icon material-icons md-text--inherit"
              >
                check_box
              </i>
            </div>
            <span>
              EBay
            </span>
          </label>
        </div>
        <div
          class="md-selection-control-container"
        >
          <input
            aria-hidden="true"
            class="md-selection-control-input"
            id="publish-to4"
            name="publish-places[]"
            type="checkbox"
            value="SOS"
          />
          <label
            class="md-selection-control-label md-pointer--hover md-text"
            for="publish-to4"
          >
            <div
              aria-checked="false"
              aria-pressed="false"
              class="md-fake-btn md-pointer--hover md-fake-btn--no-outline md-selection-control-toggle md-btn md-btn--icon md-text--secondary"
              role="checkbox"
              tabindex="0"
            >
              <div
                class="md-ink-container"
              />
              <i
                class="md-icon material-icons md-text--inherit"
              >
                check_box_outline_blank
              </i>
            </div>
            <span>
              Some other store
            </span>
          </label>
        </div>
      </fieldset>
      <section
        class="md-dialog-footer--card md-dialog-footer--inline md-cell md-cell--12"
      >
        <button
          class="md-btn md-btn--raised md-btn--text md-pointer--hover md-background--primary md-background--primary-hover md-inline-block md-cell--right"
          type="submit"
        >
          <div
            class="md-ink-container"
          />
          Submit
        </button>
      </section>
    </form>
  </section>
</div>
`;
