// Jest Snapshot v1, https://goo.gl/fbAQLP

exports[`InlineIcons should render correctly 1`] = `
<div
  class="md-grid text-fields"
>
  <div
    class="md-cell text-fields__blocked-phones"
  >
    <div
      class="md-text-field-container md-inline-block md-text-field-container--input"
    >
      <label
        class="md-floating-label md-floating-label--inactive md-floating-label--inactive-sized md-floating-label--icon-offset md-text--secondary"
        for="phone-number-with-icon-left"
      >
        Phone
      </label>
      <div
        class="md-text-field-icon-container"
      >
        <i
          class="md-icon material-icons md-text-field-icon md-text-field-icon--positioned"
        >
          phone
        </i>
        <div
          class="md-text-field-divider-container"
        >
          <input
            class="md-text-field md-text-field--floating-margin md-text"
            id="phone-number-with-icon-left"
            size="10"
            type="tel"
          />
          <hr
            class="md-divider md-divider--text-field md-divider--expand-from-left"
          />
        </div>
      </div>
    </div>
    <div
      class="md-text-field-container md-inline-block md-text-field-container--input"
    >
      <label
        class="md-floating-label md-floating-label--inactive md-floating-label--inactive-sized md-text--secondary"
        for="phone-number-with-icon-right"
      >
        Phone
      </label>
      <div
        class="md-text-field-icon-container"
      >
        <div
          class="md-text-field-divider-container"
        >
          <input
            class="md-text-field md-text-field--floating-margin md-text"
            id="phone-number-with-icon-right"
            size="10"
            type="tel"
          />
          <hr
            class="md-divider md-divider--text-field md-divider--expand-from-left"
          />
        </div>
        <i
          class="md-icon material-icons md-text-field-icon md-text-field-icon--positioned"
        >
          phone
        </i>
      </div>
    </div>
  </div>
  <div
    class="md-cell text-fields__blocked-phones"
  >
    <div
      class="md-text-field-container md-inline-block md-text-field-container--input"
    >
      <label
        class="md-floating-label md-floating-label--inactive md-floating-label--inactive-sized md-floating-label--icon-offset md-text--secondary"
        for="phone-number-with-svg-icon-left"
      >
        Phone
      </label>
      <div
        class="md-text-field-icon-container"
      >
        <svg
          class="md-icon md-text-field-icon md-text-field-icon--positioned"
          focusable="false"
          role="img"
          viewBox="0 0 24 24"
          xmlns="http://www.w3.org/2000/svg"
        />
        <div
          class="md-text-field-divider-container"
        >
          <input
            class="md-text-field md-text-field--floating-margin md-text"
            id="phone-number-with-svg-icon-left"
            size="10"
            type="tel"
          />
          <hr
            class="md-divider md-divider--text-field md-divider--expand-from-left"
          />
        </div>
      </div>
    </div>
    <div
      class="md-text-field-container md-inline-block md-text-field-container--input"
    >
      <label
        class="md-floating-label md-floating-label--inactive md-floating-label--inactive-sized md-text--secondary"
        for="phone-number-with-svg-icon-right"
      >
        Phone
      </label>
      <div
        class="md-text-field-icon-container"
      >
        <div
          class="md-text-field-divider-container"
        >
          <input
            class="md-text-field md-text-field--floating-margin md-text"
            id="phone-number-with-svg-icon-right"
            size="10"
            type="tel"
          />
          <hr
            class="md-divider md-divider--text-field md-divider--expand-from-left"
          />
        </div>
        <svg
          class="md-icon md-text-field-icon md-text-field-icon--positioned"
          focusable="false"
          role="img"
          viewBox="0 0 24 24"
          xmlns="http://www.w3.org/2000/svg"
        />
      </div>
    </div>
  </div>
  <div
    class="md-text-field-container md-full-width md-text-field-container--input md-cell md-cell--bottom"
  >
    <label
      class="md-floating-label md-floating-label--inactive md-floating-label--inactive-sized md-text--secondary"
      for="text-with-close-button"
    >
      Some text
    </label>
    <input
      class="md-text-field md-text-field--inline-indicator md-text-field--floating-margin md-full-width md-text"
      id="text-with-close-button"
      type="text"
    />
    <hr
      class="md-divider md-divider--text-field md-divider--expand-from-left"
    />
    <button
      class="md-btn md-btn--icon md-pointer--hover md-inline-block md-text-field-inline-indicator md-text-field-inline-indicator--floating text-fields__inline-btn"
      type="button"
    >
      <div
        class="md-ink-container"
      >
        <span
          aria-hidden="true"
        />
      </div>
      <i
        class="md-icon material-icons md-text--inherit"
      >
        clear
      </i>
    </button>
  </div>
  <div
    class="md-text-field-container md-full-width md-text-field-container--input md-cell md-cell--bottom"
  >
    <label
      class="md-floating-label md-floating-label--inactive md-floating-label--inactive-sized md-text--secondary"
      for="text-field-with-svg-password"
    >
      Password with SVG
    </label>
    <input
      class="md-text-field md-text-field--inline-indicator md-text-field--floating-margin md-full-width md-text"
      id="text-field-with-svg-password"
      type="password"
    />
    <hr
      class="md-divider md-divider--text-field md-divider--expand-from-left"
    />
    <button
      class="md-text-field-inline-indicator md-password-btn md-pointer--hover md-text-field-inline-indicator--floating md-text--disabled"
      type="button"
    >
      <svg
        class="md-icon"
        focusable="false"
        role="img"
        viewBox="0 0 24 24"
        xmlns="http://www.w3.org/2000/svg"
      />
    </button>
  </div>
</div>
`;
