// Jest Snapshot v1, https://goo.gl/fbAQLP

exports[`DocumentationPage should render correctly based on the loading prop 1`] = `
<section
  aria-busy={true}
  aria-describedby="loading-documentation"
  className="md-grid md-grid--40-16"
>
  <svg
    aria-valuemax={100}
    aria-valuemin={0}
    className="md-progress md-progress--circular md-block-centered md-progress--circular-indeterminate"
    height={24}
    id="loading-documentation"
    role="progressbar"
    style={Object {}}
    viewBox="0 0 66 66"
    width={24}
  >
    <circle
      className="md-circular-progress-path md-circular-progress-path--animated"
      cx="33"
      cy="33"
      r="30"
      strokeLinecap="round"
      strokeWidth="6"
      style={undefined}
    />
  </svg>
</section>
`;

exports[`DocumentationPage should render correctly based on the loading prop 2`] = `
<section
  className="md-grid md-grid--40-16"
>
  <h1>
    Hello, World!
  </h1>
</section>
`;

exports[`DocumentationPage should render correctly based on the loading prop 3`] = `
<section
  aria-busy={true}
  aria-describedby="loading-documentation"
  className="md-grid md-grid--40-16"
>
  <svg
    aria-valuemax={100}
    aria-valuemin={0}
    className="md-progress md-progress--circular md-block-centered md-progress--circular-indeterminate"
    height={24}
    id="loading-documentation"
    role="progressbar"
    style={Object {}}
    viewBox="0 0 66 66"
    width={24}
  >
    <circle
      className="md-circular-progress-path md-circular-progress-path--animated"
      cx="33"
      cy="33"
      r="30"
      strokeLinecap="round"
      strokeWidth="6"
      style={undefined}
    />
  </svg>
</section>
`;
