// Jest Snapshot v1, https://goo.gl/fbAQLP

exports[`ExamplesPage should render correctly 1`] = `
<section
  class="md-grid md-grid--40-16 examples-page"
>
  <header
    class="markdown-container md-text-container md-cell md-cell--12"
  >
    <pre>
      <code>
          ## Some Example page
  That has content

  And some amazing **markdown**!

  - one
  - two
  - three

      </code>
    </pre>
  </header>
  <div
    class="md-paper md-paper--1 md-card md-background--card md-cell md-cell--12"
    id="first-example"
    tabindex="-1"
  >
    <div
      class="md-card-title md-card-title--primary quick-link"
    >
      <h2
        class="md-card-title--title md-card-title--large md-text"
      >
        <div
          class="quick-link__container"
        >
          First Example
          <a
            class="quick-link__link quick-link__link--title"
            href="#first-example"
          >
            <i
              class="md-icon material-icons"
            >
              link
            </i>
          </a>
        </div>
      </h2>
      <button
        class="md-btn md-btn--icon md-pointer--hover md-btn--tooltip md-inline-block md-collapser md-collapser--card"
        type="button"
      >
        <div
          class="md-ink-container"
        >
          <span
            aria-hidden="true"
          />
        </div>
        <div
          class="md-tooltip-container"
        >
          <span
            aria-hidden="true"
          />
        </div>
        <svg
          class="md-icon md-text--inherit"
          focusable="false"
          role="img"
          viewBox="0 0 24 24"
          xmlns="http://www.w3.org/2000/svg"
        />
      </button>
    </div>
    <section
      class="md-card-text"
    >
      <div
        class="markdown-container examples-page__card__description md-text-container"
      >
        <p>
          Something that has some 
          <strong>
            markdown
          </strong>
           and 
          <strong>
            other stuff
          </strong>
          .
        </p>
        

      </div>
      <h1>
        Wowwwwwwwwwwwwww
      </h1>
    </section>
  </div>
</section>
`;
