// Jest Snapshot v1, https://goo.gl/fbAQLP

exports[`AddingAccessibility should render correctly 1`] = `
<div>
  <h4>
    Inline SVGs
  </h4>
  <div
    className="icons__examples"
  >
    <svg
      aria-labelledby="menu-icon-inline-title menu-icon-inline-desc"
      className="md-icon"
      focusable={false}
      role="img"
      style={undefined}
      title={undefined}
      viewBox="0 0 24 24"
      xmlns="http://www.w3.org/2000/svg"
    >
      <title
        id="menu-icon-inline-title"
      >
        Menu
      </title>
      <desc
        id="menu-icon-inline-desc"
      >
        This is a menu icon.
      </desc>
      <path
        d="M3 18h18v-2H3v2zm0-5h18v-2H3v2zm0-7v2h18V6H3z"
      />
    </svg>
    <svg
      aria-labelledby="menu-icon-prop-title menu-icon-prop-desc"
      className="md-icon"
      focusable={false}
      role="img"
      style={undefined}
      title={undefined}
      viewBox="0 0 24 24"
      xmlns="http://www.w3.org/2000/svg"
    >
      <title
        id="menu-icon-prop-title"
      >
        menu
      </title>
      <desc
        id="menu-icon-prop-desc"
      >
        This is a menu icon.
      </desc>
      <path
        d="M3 18h18v-2H3v2zm0-5h18v-2H3v2zm0-7v2h18V6H3z"
      />
    </svg>
  </div>
  <h4>
    External SVGs
  </h4>
  <div
    className="icons__examples"
  >
    <svg
      aria-labelledby="twitter-usage-title twitter-usage-desc"
      className="md-icon"
      focusable={false}
      role="img"
      style={undefined}
      title={undefined}
      viewBox="0 0 24 24"
      xmlns="http://www.w3.org/2000/svg"
    >
      <title
        id="twitter-usage-title"
      >
        Alarm
      </title>
      <desc
        id="twitter-usage-desc"
      >
        An alarm clock.
      </desc>
      <use
        xlinkHref="/icon-sprites.svg#twitter-usage"
      />
    </svg>
  </div>
  <h4>
    External SVGs with title
  </h4>
  <div
    className="icons__examples"
  >
    <svg
      aria-labelledby={null}
      className="md-icon twitter-logo"
      focusable={false}
      role="img"
      style={
        Object {
          "height": 48,
          "width": 48,
        }
      }
      title="Twitter Logo"
      viewBox="0 0 24 24"
      xmlns="http://www.w3.org/2000/svg"
    >
      <use
        xlinkHref="/icon-sprites.svg#twitter-usage"
      />
    </svg>
  </div>
  <h4>
    In Links
  </h4>
  <a
    className="link link--centered twitter-link"
    href="//twitter.com"
  >
    <svg
      aria-labelledby={null}
      className="md-icon twitter-logo"
      focusable={false}
      role="presentation"
      style={
        Object {
          "height": 48,
          "width": 48,
        }
      }
      title={undefined}
      viewBox="0 0 24 24"
      xmlns="http://www.w3.org/2000/svg"
    >
      <use
        xlinkHref="/icon-sprites.svg#twitter-usage"
      />
    </svg>
    Twitter
  </a>
  <a
    className="link twitter-link"
    href="//twitter.com"
  >
    <svg
      aria-labelledby={null}
      className="md-icon twitter-logo"
      focusable={false}
      role="img"
      style={
        Object {
          "height": 48,
          "width": 48,
        }
      }
      title="Twitter Logo"
      viewBox="0 0 24 24"
      xmlns="http://www.w3.org/2000/svg"
    >
      <use
        xlinkHref="/icon-sprites.svg#twitter-usage"
      />
    </svg>
  </a>
</div>
`;
