// Jest Snapshot v1, https://goo.gl/fbAQLP

exports[`Contribute should render correctly 1`] = `
<section
  class="md-cell md-cell--8"
>
  <h4
    class="md-title"
  >
    Contributing
  </h4>
  <p
    class="md-body-2"
  >
    This project is currently developed by a single person. Feel free to contribute!
  </p>
  <a
    class="md-btn md-btn--flat md-btn--text md-pointer--hover md-text--theme-secondary md-ink--secondary md-inline-block"
    href="https://github.com/mlaursen/react-md"
  >
    <div
      class="md-ink-container"
    />
    <div
      class="md-icon-separator"
    >
      <i
        class="md-icon fa fa-github md-text--inherit"
      />
      <span
        class="md-icon-text"
      >
        Github
      </span>
    </div>
  </a>
</section>
`;
