// Jest Snapshot v1, https://goo.gl/fbAQLP

exports[`Version should render with the version prop 1`] = `
<p
  className="md-cell md-cell--12 md-text-right"
  style={undefined}
>
  Current version 
  <i>
    v1.1.0
  </i>
</p>
`;
