// Jest Snapshot v1, https://goo.gl/fbAQLP

exports[`Showcases should render all the showcases 1`] = `
<div
  className="md-grid"
  style={undefined}
>
  <section
    className="markdown-container md-text-container md-cell md-cell--12"
    dangerouslySetInnerHTML={
      Object {
        "__html": "<h2 id=\\"showcases\\">Showcases</h2>
<p>The following is a list of products/apps that use react-md other than this documentation site. Their entire
interface might not be implemented with react-md, but it should give a good idea of how it is used.</p>
<p>Want to showcase your app/product? Either open a pull request adding your application or look at
<a href=\\"https://github.com/mlaursen/react-md/issues/196\\" class=\\"link\\">the github issue</a> for getting your site added.</p>
",
      }
    }
  />
  <ul
    className="md-grid md-grid--no-spacing md-list-unstyled md-cell md-cell--12"
  >
    <li
      className="md-paper md-paper--1 md-card md-background--card showcase-card"
      onMouseLeave={[Function]}
      onMouseOver={[Function]}
      onTouchStart={[Function]}
    >
      <a
        className="md-media md-media--16-9"
        href="https://bredariol.be/product"
        title="Les Passions de Peronnes"
      >
        <img
          alt="Les Passions de Peronnes"
          src="some static content"
        />
      </a>
      <div
        className="md-card-title md-card-title--primary"
        style={undefined}
      >
        <div
          className="md-card-title--title-block"
        >
          <h2
            className="md-card-title--title md-card-title--large md-text"
            id={undefined}
            tabIndex={null}
          >
            Les Passions de Peronnes
          </h2>
          <h3
            className="md-card-title--title md-text--secondary"
          >
            Fadi Khadra
          </h3>
        </div>
        <a
          className="md-btn md-btn--icon md-pointer--hover md-inline-block"
          disabled={undefined}
          href="https://github.com/fkhadra"
          onKeyDown={[Function]}
          onKeyUp={[Function]}
          onMouseDown={[Function]}
          onMouseEnter={[Function]}
          onMouseLeave={[Function]}
          onMouseUp={[Function]}
          onTouchEnd={[Function]}
          onTouchStart={[Function]}
        >
          <i
            className="md-icon fa fa-github md-text--inherit"
            style={undefined}
          />
        </a>
      </div>
      <section
        className="md-card-text"
      >
        
Les Passions de PÃ©ronnes offers you to discover wines of terroirs, wines of
vignerons. Most of them are encountered during oeno-tourist trips, telling
us their wines, their hopes sometimes very crazy.

      </section>
    </li>
  </ul>
</div>
`;
