// Jest Snapshot v1, https://goo.gl/fbAQLP

exports[`Home should render correctly 1`] = `
<section
  class="home"
>
  <header
    class="home__banner"
  >
    <h1
      class="md-display-2"
    >
      react-md
    </h1>
    <div
      class="home__logo"
    >
      some static content
    </div>
    <a
      class="md-btn md-btn--raised md-btn--text md-pointer--hover md-background--secondary md-background--secondary-hover md-inline-block"
      href="/components"
    >
      <div
        class="md-ink-container"
      >
        <span
          aria-hidden="true"
        />
      </div>
      View Demo
    </a>
  </header>
  <h3
    class="md-text-container home__about"
  >
    This project's goal is to be able to create a fully accessible material design styled website using React Components and Sass. With the separation of styles in Sass instead of inline styles, it should hopefully be easy to create custom components with the existing styles.
  </h3>
  <footer
    class="md-grid home__footer"
  >
    <a
      class="md-paper md-paper--1 md-card md-background--card md-cell home__svg-card"
      href="/getting-started"
    >
      <div
        class="md-card-title md-card-title--primary"
      >
        <h2
          class="md-card-title--title md-card-title--large md-text"
        >
          Getting Started
        </h2>
      </div>
      <section
        class="md-media md-media--1-1"
      >
        <img
          alt="A Mac and a Macbook with design mock ups."
          src="some static content"
        />
      </section>
    </a>
    <a
      class="md-paper md-paper--1 md-card md-background--card md-cell home__svg-card"
      href="/customization"
    >
      <div
        class="md-card-title md-card-title--primary"
      >
        <h2
          class="md-card-title--title md-card-title--large md-text"
        >
          Customization
        </h2>
      </div>
      <section
        class="md-media md-media--1-1"
      >
        <img
          alt="A chemistry set with material design colors flowing into a text editor."
          src="some static content"
        />
      </section>
    </a>
    <a
      class="md-paper md-paper--1 md-card md-background--card md-cell home__svg-card"
      href="/components"
    >
      <div
        class="md-card-title md-card-title--primary"
      >
        <h2
          class="md-card-title--title md-card-title--large md-text"
        >
          Components
        </h2>
      </div>
      <section
        class="md-media md-media--1-1"
      >
        <img
          alt="A chemistry set with material design colors flowing into a text editor."
          src="some static content"
        />
      </section>
    </a>
  </footer>
</section>
`;
