// Jest Snapshot v1, https://goo.gl/fbAQLP

exports[`FloatingLabels should render correctly 1`] = `
<div
  className="md-grid"
>
  <div
    className="md-text-field-container md-full-width md-text-field-container--input md-cell md-cell--bottom"
    onClick={[Function]}
    onDoubleClick={undefined}
    onMouseDown={undefined}
    onMouseLeave={undefined}
    onMouseOver={undefined}
    onMouseUp={undefined}
    onTouchCancel={undefined}
    onTouchEnd={undefined}
    onTouchMove={undefined}
    onTouchStart={undefined}
    style={
      Object {
        "width": null,
      }
    }
  >
    <label
      className="md-floating-label md-floating-label--inactive md-floating-label--inactive-sized"
      htmlFor="floating-center-title"
    >
      Title
    </label>
    <input
      className="md-text-field md-text md-full-width md-text-field--floating-margin"
      disabled={undefined}
      id="floating-center-title"
      onBlur={[Function]}
      onChange={[Function]}
      onFocus={[Function]}
      placeholder={null}
      rows={undefined}
      style={undefined}
      type="text"
    />
    <hr
      className="md-divider md-divider--text-field md-divider--expand-from-center"
    />
  </div>
  <div
    className="md-text-field-container md-full-width md-text-field-container--multiline md-cell md-cell--bottom"
    onClick={[Function]}
    onDoubleClick={undefined}
    onMouseDown={undefined}
    onMouseLeave={undefined}
    onMouseOver={undefined}
    onMouseUp={undefined}
    onTouchCancel={undefined}
    onTouchEnd={undefined}
    onTouchMove={undefined}
    onTouchStart={undefined}
    style={
      Object {
        "width": null,
      }
    }
  >
    <label
      className="md-floating-label md-floating-label--inactive md-floating-label--inactive-sized"
      htmlFor="floating-multiline"
    >
      Type many letters
    </label>
    <div
      className="md-text-field-multiline-container md-text-field--floating-margin"
      style={
        Object {
          "height": null,
        }
      }
    >
      <span
        aria-hidden={true}
      />
      <textarea
        aria-hidden={true}
        className="md-text-field md-text md-text-field--multiline md-full-width md-text-field--multiline-mask"
        defaultValue={undefined}
        readOnly={true}
        rows={2}
        style={undefined}
        tabIndex={-1}
        value={undefined}
      />
      <textarea
        className="md-text-field md-text md-text-field--multiline md-full-width"
        defaultValue={undefined}
        disabled={undefined}
        id="floating-multiline"
        onBlur={[Function]}
        onChange={[Function]}
        onFocus={[Function]}
        placeholder={null}
        rows={2}
        style={
          Object {
            "height": null,
          }
        }
        value={undefined}
      />
    </div>
    <hr
      className="md-divider md-divider--text-field md-divider--expand-from-right"
    />
  </div>
  <div
    className="md-text-field-container md-full-width md-text-field-container--input md-cell md-cell--bottom"
    onClick={[Function]}
    onDoubleClick={undefined}
    onMouseDown={undefined}
    onMouseLeave={undefined}
    onMouseOver={undefined}
    onMouseUp={undefined}
    onTouchCancel={undefined}
    onTouchEnd={undefined}
    onTouchMove={undefined}
    onTouchStart={undefined}
    style={
      Object {
        "width": null,
      }
    }
  >
    <label
      className="md-floating-label md-floating-label--inactive md-floating-label--inactive-sized"
      htmlFor="floating-password"
    >
      Enter your password
    </label>
    <input
      className="md-text-field md-text md-text-field--inline-indicator md-full-width md-text-field--floating-margin"
      disabled={undefined}
      id="floating-password"
      onBlur={[Function]}
      onChange={[Function]}
      onFocus={[Function]}
      placeholder={null}
      rows={undefined}
      style={undefined}
      type="password"
    />
    <hr
      className="md-divider md-divider--text-field md-divider--expand-from-left"
    />
    <button
      className="md-text-field-inline-indicator md-password-btn md-pointer--hover md-text-field-inline-indicator--floating"
      onClick={[Function]}
      onKeyDown={[Function]}
      onKeyUp={[Function]}
      type="button"
    >
      <i
        className="md-icon material-icons"
        style={undefined}
      >
        remove_red_eye
      </i>
    </button>
  </div>
</div>
`;
