// Jest Snapshot v1, https://goo.gl/fbAQLP

exports[`FunctionsSection should render correctly 1`] = `
<section
  class="prop-types__functions"
  id="some-test-id-welcomeToTheTestingClass"
>
  <h3
    class="markdown-container"
  >
    <pre
      class="line-numbers code-toolbar language-js"
    >
      <code
        class="language-js"
      >
        <span
          class="token function"
        >
          welcomeToTheTestingClass
        </span>
        <span
          class="token punctuation"
        >
          (
        </span>
        <span
          class="token punctuation"
        >
          )
        </span>
        

        <span
          aria-hidden="true"
          class="line-numbers-rows"
        />
      </code>
      <div
        class="toolbar"
      >
        <div
          class="toolbar-item"
        >
          <span>
            Js
          </span>
        </div>
        

      </div>
    </pre>
  </h3>
  <section
    class="md-card-text markdown-container"
  >
    <p>
      This does stuff. Yah
    </p>
    

  </section>
</section>
`;

exports[`FunctionsSection should render correctly 2`] = `
<section
  class="prop-types__functions"
  id="some-test-id-welcomeToTheTestingClass"
>
  <h3
    class="markdown-container"
  >
    <pre
      class="line-numbers code-toolbar language-js"
    >
      <code
        class="language-js"
      >
        <span
          class="token function"
        >
          welcomeToTheTestingClass
        </span>
        <span
          class="token punctuation"
        >
          (
        </span>
        <span
          class="token punctuation"
        >
          )
        </span>
        <span
          class="token punctuation"
        >
          :
        </span>
         string

        <span
          aria-hidden="true"
          class="line-numbers-rows"
        />
      </code>
      <div
        class="toolbar"
      >
        <div
          class="toolbar-item"
        >
          <span>
            Js
          </span>
        </div>
        

      </div>
    </pre>
  </h3>
  <section
    class="md-card-text markdown-container"
  >
    <p>
      This does stuff. Yah
    </p>
    

  </section>
</section>
`;

exports[`FunctionsSection should render correctly 3`] = `
<section
  class="prop-types__functions"
  id="some-test-id-welcomeToTheTestingClass"
>
  <h3
    class="markdown-container"
  >
    <pre
      class="line-numbers code-toolbar language-js"
    >
      <code
        class="language-js"
      >
        <span
          class="token function"
        >
          welcomeToTheTestingClass
        </span>
        <span
          class="token punctuation"
        >
          (
        </span>
        something
        <span
          class="token punctuation"
        >
          ,
        </span>
         requiredSomething
        <span
          class="token punctuation"
        >
          )
        </span>
        

        <span
          aria-hidden="true"
          class="line-numbers-rows"
        />
      </code>
      <div
        class="toolbar"
      >
        <div
          class="toolbar-item"
        >
          <span>
            Js
          </span>
        </div>
        

      </div>
    </pre>
  </h3>
  <section
    class="md-card-text markdown-container"
  >
    <p>
      This does stuff. Yah
    </p>
    

  </section>
  <div
    class="md-data-table--responsive"
  >
    <table
      class="md-data-table md-data-table--plain md-data-table--full-width"
    >
      <thead
        class="md-table-header"
      >
        <tr
          class="md-table-row"
        >
          <th
            class="md-table-column md-text-left md-table-column--header md-table-column--adjusted md-text--secondary"
            scope="col"
          >
            Name
          </th>
          <th
            class="md-table-column md-text-left md-table-column--header md-table-column--adjusted md-text--secondary"
            scope="col"
          >
            Type
          </th>
          <th
            class="md-table-column md-text-left md-table-column--header md-text--secondary"
            scope="col"
          >
            Description
          </th>
        </tr>
      </thead>
      <tbody
        class="md-table-body"
      >
        <tr
          class="md-table-row"
        >
          <td
            class="md-table-column md-text-left md-table-column--plain md-table-column--adjusted md-text"
          >
            <code
              class="code-variable language-js"
            >
              something
            </code>
          </td>
          <td
            class="md-table-column md-text-left md-table-column--plain md-table-column--adjusted md-text"
          >
            <code
              class="code-variable language-js md-text-nowrap"
            >
              string
            </code>
          </td>
          <td
            class="md-table-column md-text-left md-table-column--plain md-text prop-types__cell"
          >
            <section
              class="markdown-container"
            >
              <p>
                It is something that does something. Quite amazing
              </p>
              

            </section>
          </td>
        </tr>
        <tr
          class="md-table-row"
        >
          <td
            class="md-table-column md-text-left md-table-column--plain md-table-column--adjusted md-text"
          >
            <code
              class="code-variable language-js"
            >
              requiredSomething
            </code>
          </td>
          <td
            class="md-table-column md-text-left md-table-column--plain md-table-column--adjusted md-text md-table-column--relative"
          >
            <div
              class="md-tooltip-container"
            >
              <span
                aria-hidden="true"
              />
            </div>
            <code
              class="code-variable language-js md-text-nowrap"
            >
              boolean *
            </code>
          </td>
          <td
            class="md-table-column md-text-left md-table-column--plain md-text prop-types__cell"
          >
            <section
              class="markdown-container"
            >
              <p>
                This is a param that is required.
              </p>
              

            </section>
          </td>
        </tr>
      </tbody>
    </table>
  </div>
</section>
`;

exports[`FunctionsSection should render correctly 4`] = `
<section
  class="prop-types__functions"
  id="some-test-id-welcomeToTheTestingClass"
>
  <h3
    class="markdown-container"
  >
    <pre
      class="line-numbers code-toolbar language-js"
    >
      <code
        class="language-js"
      >
        <span
          class="token function"
        >
          welcomeToTheTestingClass
        </span>
        <span
          class="token punctuation"
        >
          (
        </span>
        something
        <span
          class="token punctuation"
        >
          ,
        </span>
         requiredSomething
        <span
          class="token punctuation"
        >
          )
        </span>
        <span
          class="token punctuation"
        >
          :
        </span>
         string

        <span
          aria-hidden="true"
          class="line-numbers-rows"
        />
      </code>
      <div
        class="toolbar"
      >
        <div
          class="toolbar-item"
        >
          <span>
            Js
          </span>
        </div>
        

      </div>
    </pre>
  </h3>
  <section
    class="md-card-text markdown-container"
  >
    <p>
      This does stuff. Yah
    </p>
    

  </section>
  <div
    class="md-data-table--responsive"
  >
    <table
      class="md-data-table md-data-table--plain md-data-table--full-width"
    >
      <thead
        class="md-table-header"
      >
        <tr
          class="md-table-row"
        >
          <th
            class="md-table-column md-text-left md-table-column--header md-table-column--adjusted md-text--secondary"
            scope="col"
          >
            Name
          </th>
          <th
            class="md-table-column md-text-left md-table-column--header md-table-column--adjusted md-text--secondary"
            scope="col"
          >
            Type
          </th>
          <th
            class="md-table-column md-text-left md-table-column--header md-text--secondary"
            scope="col"
          >
            Description
          </th>
        </tr>
      </thead>
      <tbody
        class="md-table-body"
      >
        <tr
          class="md-table-row"
        >
          <td
            class="md-table-column md-text-left md-table-column--plain md-table-column--adjusted md-text"
          >
            <code
              class="code-variable language-js"
            >
              something
            </code>
          </td>
          <td
            class="md-table-column md-text-left md-table-column--plain md-table-column--adjusted md-text"
          >
            <code
              class="code-variable language-js md-text-nowrap"
            >
              string
            </code>
          </td>
          <td
            class="md-table-column md-text-left md-table-column--plain md-text prop-types__cell"
          >
            <section
              class="markdown-container"
            >
              <p>
                It is something that does something. Quite amazing
              </p>
              

            </section>
          </td>
        </tr>
        <tr
          class="md-table-row"
        >
          <td
            class="md-table-column md-text-left md-table-column--plain md-table-column--adjusted md-text"
          >
            <code
              class="code-variable language-js"
            >
              requiredSomething
            </code>
          </td>
          <td
            class="md-table-column md-text-left md-table-column--plain md-table-column--adjusted md-text md-table-column--relative"
          >
            <div
              class="md-tooltip-container"
            >
              <span
                aria-hidden="true"
              />
            </div>
            <code
              class="code-variable language-js md-text-nowrap"
            >
              boolean *
            </code>
          </td>
          <td
            class="md-table-column md-text-left md-table-column--plain md-text prop-types__cell"
          >
            <section
              class="markdown-container"
            >
              <p>
                This is a param that is required.
              </p>
              

            </section>
          </td>
        </tr>
      </tbody>
    </table>
  </div>
</section>
`;
