// Jest Snapshot v1, https://goo.gl/fbAQLP

exports[`FunctionParameterTable should render correctly 1`] = `null`;

exports[`FunctionParameterTable should render correctly 2`] = `
<div
  className="md-data-table--responsive"
  style={
    Object {
      "width": undefined,
    }
  }
>
  <table
    className="md-data-table md-data-table--plain md-data-table--full-width"
    style={undefined}
  >
    <thead
      className="md-table-header"
    >
      <tr
        className="md-table-row"
        onMouseLeave={[Function]}
        onMouseOver={[Function]}
      >
        <th
          aria-sort={undefined}
          className="md-table-column md-text-left md-table-column--header md-table-column--adjusted md-text--secondary"
          scope="col"
        >
          Name
        </th>
        <th
          aria-sort={undefined}
          className="md-table-column md-text-left md-table-column--header md-table-column--adjusted md-text--secondary"
          scope="col"
        >
          Type
        </th>
        <th
          aria-sort={undefined}
          className="md-table-column md-text-left md-table-column--header md-text--secondary"
          scope="col"
        >
          Description
        </th>
      </tr>
    </thead>
    <tbody
      className="md-table-body"
    >
      <tr
        className="md-table-row"
        onMouseLeave={[Function]}
        onMouseOver={[Function]}
      >
        <td
          aria-sort={undefined}
          className="md-table-column md-text-left md-table-column--plain md-table-column--adjusted md-text"
          scope={undefined}
        >
          <code
            className="code-variable language-js"
          >
            something
          </code>
        </td>
        <td
          aria-sort={undefined}
          className="md-table-column md-text-left md-table-column--plain md-table-column--adjusted md-text"
          scope={undefined}
        >
          <code
            className="code-variable language-js"
          >
            string
          </code>
        </td>
        <td
          aria-sort={undefined}
          className="md-table-column md-text-left md-table-column--plain md-text prop-types__cell"
          scope={undefined}
        >
          <section
            className="markdown-container"
            dangerouslySetInnerHTML={
              Object {
                "__html": "<p>It is something that does something. Quite amazing</p>
",
              }
            }
          />
        </td>
      </tr>
      <tr
        className="md-table-row"
        onMouseLeave={[Function]}
        onMouseOver={[Function]}
      >
        <td
          aria-sort={undefined}
          className="md-table-column md-text-left md-table-column--plain md-table-column--adjusted md-text"
          scope={undefined}
        >
          <code
            className="code-variable language-js"
          >
            requiredSomething *
          </code>
        </td>
        <td
          aria-sort={undefined}
          className="md-table-column md-text-left md-table-column--plain md-table-column--adjusted md-text"
          scope={undefined}
        >
          <code
            className="code-variable language-js"
          >
            boolean
          </code>
        </td>
        <td
          aria-sort={undefined}
          className="md-table-column md-text-left md-table-column--plain md-text prop-types__cell"
          scope={undefined}
        >
          <section
            className="markdown-container"
            dangerouslySetInnerHTML={
              Object {
                "__html": "<p>This is a param that is required.</p>
",
              }
            }
          />
        </td>
      </tr>
    </tbody>
  </table>
</div>
`;
