// Jest Snapshot v1, https://goo.gl/fbAQLP

exports[`ThemeBuilder should render correctly 1`] = `
<div
  class="md-grid"
>
  <form
    class="md-cell md-cell--8 md-cell--6-desktop"
    id="theme-configuration-form"
    name="theme-configuration"
  >
    <h3
      class="md-title"
    >
      Theme Configuration
    </h3>
    <div
      class="md-selection-control-container"
    >
      <input
        aria-hidden="true"
        checked=""
        class="md-selection-control-input"
        id="light"
        name="theme-configuration"
        type="checkbox"
      />
      <label
        class="md-selection-control-label md-pointer--hover md-text"
        for="light"
      >
        <div
          aria-checked="true"
          aria-pressed="false"
          class="md-fake-btn md-pointer--hover md-fake-btn--no-outline md-selection-control-toggle md-btn md-btn--icon md-text--theme-secondary"
          role="checkbox"
          tabindex="0"
        >
          <div
            class="md-ink-container"
          />
          <i
            class="md-icon material-icons md-text--inherit"
          >
            check_box
          </i>
        </div>
        <span>
          Light theme
        </span>
      </label>
    </div>
    <div
      class="md-selection-control-container"
    >
      <input
        aria-hidden="true"
        class="md-selection-control-input"
        disabled=""
        id="save-theme"
        name="theme-configuration"
        type="checkbox"
      />
      <label
        class="md-selection-control-label md-text--disabled"
        for="save-theme"
      >
        <div
          aria-checked="false"
          aria-pressed="false"
          class="md-fake-btn md-fake-btn--no-outline md-selection-control-toggle md-btn md-btn--icon md-text--disabled"
          disabled=""
          role="checkbox"
        >
          <i
            class="md-icon material-icons md-text--inherit"
          >
            check_box_outline_blank
          </i>
        </div>
        <span>
          Save for future visits
        </span>
      </label>
    </div>
    <p
      class="theme-configuration__message"
    >
      <i>
        When the save for future visits checkbox is checked, cookies will be created to store your theme for later visits and other pages. If you do not check this checkbox, the default theme will be applied when you leave this page.
      </i>
    </p>
    <div
      aria-expanded="false"
      aria-haspopup="true"
      class="md-layover md-inline-block md-menu-container md-menu--select-field md-cell"
      id="primary-menu"
    >
      <span
        aria-hidden="true"
      />
      <div
        class="md-select-field__toggle"
      >
        <label
          class="md-floating-label md-floating-label--floating md-text--secondary"
          for="primary"
        >
          Primary color
        </label>
        <div
          aria-pressed="false"
          class="md-paper md-paper--0 md-fake-btn md-pointer--hover md-fake-btn--no-outline md-select-field md-text"
          id="primary-toggle"
          role="listbox"
          tabindex="0"
        >
          <div
            class="md-icon-separator md-text-field md-text-field--floating-margin md-select-field--text-field"
          >
            <span
              class="md-icon-text"
            >
              light-blue
            </span>
            <i
              class="md-icon material-icons"
            >
              arrow_drop_down
            </i>
          </div>
          <hr
            class="md-divider md-divider--text-field md-divider--expand-from-left md-divider--select-field"
          />
          <input
            id="primary"
            type="hidden"
            value="light-blue"
          />
        </div>
      </div>
    </div>
    <div
      aria-expanded="false"
      aria-haspopup="true"
      class="md-layover md-inline-block md-menu-container md-menu--select-field md-cell"
      id="secondary-menu"
    >
      <span
        aria-hidden="true"
      />
      <div
        class="md-select-field__toggle"
      >
        <label
          class="md-floating-label md-floating-label--floating md-text--secondary"
          for="secondary"
        >
          Secondary color
        </label>
        <div
          aria-pressed="false"
          class="md-paper md-paper--0 md-fake-btn md-pointer--hover md-fake-btn--no-outline md-select-field md-text"
          id="secondary-toggle"
          role="listbox"
          tabindex="0"
        >
          <div
            class="md-icon-separator md-text-field md-text-field--floating-margin md-select-field--text-field"
          >
            <span
              class="md-icon-text"
            >
              deep-orange
            </span>
            <i
              class="md-icon material-icons"
            >
              arrow_drop_down
            </i>
          </div>
          <hr
            class="md-divider md-divider--text-field md-divider--expand-from-left md-divider--select-field"
          />
          <input
            id="secondary"
            type="hidden"
            value="deep-orange"
          />
        </div>
      </div>
    </div>
    <div
      aria-expanded="false"
      aria-haspopup="true"
      class="md-layover md-inline-block md-menu-container md-menu--select-field md-cell"
      id="hue-menu"
    >
      <span
        aria-hidden="true"
      />
      <div
        class="md-select-field__toggle"
      >
        <label
          class="md-floating-label md-floating-label--floating md-text--secondary"
          for="hue"
        >
          Secondary hue
        </label>
        <div
          aria-pressed="false"
          class="md-paper md-paper--0 md-fake-btn md-pointer--hover md-fake-btn--no-outline md-select-field md-text"
          id="hue-toggle"
          role="listbox"
          tabindex="0"
        >
          <div
            class="md-icon-separator md-text-field md-text-field--floating-margin md-select-field--text-field"
          >
            <span
              class="md-icon-text"
            >
              200
            </span>
            <i
              class="md-icon material-icons"
            >
              arrow_drop_down
            </i>
          </div>
          <hr
            class="md-divider md-divider--text-field md-divider--expand-from-left md-divider--select-field"
          />
          <input
            id="hue"
            type="hidden"
            value="200"
          />
        </div>
      </div>
    </div>
  </form>
  <section
    class="md-cell md-cell--8 md-cell--6-desktop"
  >
    <section
      class="markdown-container md-text-container"
    >
      <h3
        id="custom-css-theme-builder"
      >
        Custom CSS Theme Builder
      </h3>
      

      <p>
        Select a primary color, a secondary color, the secondary color's hue, and optionally toggle the light theme
to view a specific theme. When you have selected colors you like, either reference 
        <a
          class="link"
          href="#using-with-sass"
        >
          Using with Sass
        </a>
        
or 
        <a
          class="link"
          href="#pre-compiled-themes"
        >
          pre-compiled themes
        </a>
        . Not all themes will already be compiled and hosted on 
        <code>
          unpkg
        </code>
        .
      </p>
      

    </section>
    <section
      class="md-background--card theme-preview"
    >
      <header
        class="md-paper md-paper--2 md-toolbar md-background--primary md-toolbar--text-white md-toolbar--fixed"
        id="theme-builder-preview-toolbar"
      >
        <button
          class="md-btn md-btn--icon md-pointer--hover md-inline-block md-btn--toolbar md-toolbar--action-left"
          id="theme-builder-preview-drawer-toggle"
          type="button"
        >
          <div
            class="md-ink-container"
          />
          <i
            class="md-icon material-icons md-text--inherit"
          >
            menu
          </i>
        </button>
        <h2
          class="md-title md-title--toolbar"
          id="theme-builder-preview-toolbar-title"
        >
          Theme Preview
        </h2>
      </header>
      <div
        class="md-grid md-toolbar-relative"
      >
        <h2
          class="md-cell md-cell--12 md-display-1"
        >
          Look at this
        </h2>
        <button
          class="md-btn md-btn--raised md-btn--text md-pointer--hover md-background--primary md-background--primary-hover md-inline-block theme-preview__btn"
          id="theme-builder-preview-btn"
          type="button"
        >
          <div
            class="md-ink-container"
          />
          Button
        </button>
      </div>
      <button
        class="md-btn md-btn--icon md-btn--floating md-btn--fixed md-btn--fixed-br md-pointer--hover md-paper md-paper--2 md-background--secondary md-background--secondary-hover md-inline-block"
        id="theme-builder-preview-floating-btn"
        type="button"
      >
        <div
          class="md-ink-container"
        />
        <i
          class="md-icon material-icons md-text--inherit"
        >
          email
        </i>
      </button>
    </section>
  </section>
  <div
    class="md-cell md-cell--12 markdown-container"
  >
    <h4
      id="using-with-sass"
    >
      Using with Sass
    </h4>
    

    <pre>
      <code
        class="lang-scss"
      >
        @import '~react-md/src/scss/react-md';

$md-light-theme: true; // optional for light theme
$md-primary-color: $md-light-blue-500;
$md-secondary-color: $md-deep-orange-a-200;

@include react-md-everything;

// Or for a subsection
@include react-md-theme-everything($md-light-blue-500, $md-deep-orange-a-200, $md-light-theme, 'custom-theme');

      </code>
    </pre>
    

    <h4
      id="pre-compiled-themes"
    >
      Pre-compiled Themes
    </h4>
    

    <p>
      This current theme is unavailable as a precomiled package. Only accents of 
      <code>
        400
      </code>
       and the 
      <code>
        light-theme
      </code>
       have been
precompiled.
    </p>
    

  </div>
</div>
`;
